// Jest Snapshot v1, https://goo.gl/fbAQLP

exports[`<VectorAuthHeaderLogo /> should match snapshot 1`] = `
<DocumentFragment>
  <aside
    class="mx_AuthHeaderLogo"
  >
    <img
      alt="Superhero"
      src="themes/superhero/img/logos/superhero-logo.svg"
    />
  </aside>
</DocumentFragment>
`;
